
> client-llm-preprocessor@1.0.0 test
> vitest --run


[7m[1m[36m RUN [39m[22m[27m [36mv1.6.1[39m [90mC:/Users/User/Desktop/private-workspace/resume_project/local_processing_llm[39m

 [32mΓ£ô[39m tests/unit/clean-rules.test.js [2m ([22m[2m7 tests[22m[2m)[22m[90m 7[2mms[22m[39m
 [32mΓ£ô[39m tests/unit/chunk.test.js [2m ([22m[2m4 tests[22m[2m)[22m[90m 8[2mms[22m[39m
 [32mΓ£ô[39m tests/unit/errors.test.js [2m ([22m[2m6 tests[22m[2m)[22m[90m 9[2mms[22m[39m
 [32mΓ£ô[39m tests/unit/validation.test.js [2m ([22m[2m9 tests[22m[2m)[22m[90m 11[2mms[22m[39m
 [32mΓ£ô[39m tests/unit/logger.test.js [2m ([22m[2m12 tests[22m[2m)[22m[90m 21[2mms[22m[39m
[90mstdout[2m | tests/unit/logger.test.js[2m > [22m[2mInternalLogger[2m > [22m[2mBasic Logging[2m > [22m[2mshould log messages when enabled[22m[39m
[INFO] [TEST] Test message {}

[90mstdout[2m | tests/unit/logger.test.js[2m > [22m[2mInternalLogger[2m > [22m[2mBasic Logging[2m > [22m[2mshould respect log levels[22m[39m
[WARN] [TEST] Warn message {}

[90mstdout[2m | tests/unit/logger.test.js[2m > [22m[2mInternalLogger[2m > [22m[2mCircular Buffer[2m > [22m[2mshould limit log entries to maxLogs[22m[39m
[INFO] [TEST] Message 0 {}
[INFO] [TEST] Message 1 {}
[INFO] [TEST] Message 2 {}
[INFO] [TEST] Message 3 {}
[INFO] [TEST] Message 4 {}
[INFO] [TEST] Message 5 {}
[INFO] [TEST] Message 6 {}
[INFO] [TEST] Message 7 {}
[INFO] [TEST] Message 8 {}
[INFO] [TEST] Message 9 {}

[90mstdout[2m | tests/unit/logger.test.js[2m > [22m[2mInternalLogger[2m > [22m[2mCircular Buffer[2m > [22m[2mshould keep most recent entries[22m[39m
[INFO] [TEST] First {}
[INFO] [TEST] Second {}
[INFO] [TEST] Third {}
[INFO] [TEST] Fourth {}

[90mstdout[2m | tests/unit/logger.test.js[2m > [22m[2mInternalLogger[2m > [22m[2mLog Filtering[2m > [22m[2mshould filter by level[22m[39m
[INFO] [TEST] Info {}
[ERROR] [TEST] Error {}

[90mstdout[2m | tests/unit/logger.test.js[2m > [22m[2mInternalLogger[2m > [22m[2mLog Filtering[2m > [22m[2mshould filter by category[22m[39m
[INFO] [MODEL] Model message {}
[INFO] [VALIDATION] Validation message {}

[90mstdout[2m | tests/unit/logger.test.js[2m > [22m[2mInternalLogger[2m > [22m[2mStatistics[2m > [22m[2mshould track statistics[22m[39m
[INFO] [TEST] One {}
[ERROR] [TEST] Two {}
[WARN] [TEST] Three {}

[90mstdout[2m | tests/unit/logger.test.js[2m > [22m[2mInternalLogger[2m > [22m[2mUtility Methods[2m > [22m[2mshould clear logs[22m[39m
[INFO] [TEST] Message {}

[90mstdout[2m | tests/unit/logger.test.js[2m > [22m[2mInternalLogger[2m > [22m[2mUtility Methods[2m > [22m[2mshould export as JSON[22m[39m
[INFO] [TEST] Message {}

 [33mΓ¥»[39m tests/integration/preprocessor.test.js [2m ([22m[2m14 tests[22m [2m|[22m [31m4 failed[39m[2m)[22m[90m 32[2mms[22m[39m
[31m   [33mΓ¥»[31m tests/integration/preprocessor.test.js[2m > [22mPreprocessor Integration Tests[2m > [22mConfiguration[2m > [22mshould enable/disable logging[39m
[31m     ΓåÆ expected undefined to be false // Object.is equality[39m
[31m   [33mΓ¥»[31m tests/integration/preprocessor.test.js[2m > [22mPreprocessor Integration Tests[2m > [22mConfiguration[2m > [22mshould set verbose logging[39m
[31m     ΓåÆ expected undefined to be true // Object.is equality[39m
[31m   [33mΓ¥»[31m tests/integration/preprocessor.test.js[2m > [22mPreprocessor Integration Tests[2m > [22mPipeline Processing[2m > [22mshould process pipeline with clean and chunk[39m
[31m     ΓåÆ Model not loaded. Call loadModel() first before using preprocessing functions.[39m
[31m   [33mΓ¥»[31m tests/integration/preprocessor.test.js[2m > [22mPreprocessor Integration Tests[2m > [22mPipeline Processing[2m > [22mshould handle string shortcuts in pipeline[39m
[31m     ΓåÆ Model not loaded. Call loadModel() first before using preprocessing functions.[39m

node.exe : [31mΓÄ»ΓÄ»ΓÄ»ΓÄ»ΓÄ»ΓÄ»ΓÄ»[1m[7m Failed 
Tests 4 [27m[22mΓÄ»ΓÄ»ΓÄ»ΓÄ»ΓÄ»ΓÄ»ΓÄ»[39m
At line:1 char:1
+ & "C:\Program Files\nodejs/node.exe" "C:\Program 
Files\nodejs/node_mo ...
+ ~~~~~~~~~~~~~~~~~~~~~~~~~~~~~~~~~~~~~~~~~~~~~~~~~~~~~~~~
~~~~~~~~~~~~~
    + CategoryInfo          : NotSpecified: ([31mΓÄ»ΓÄ»Γ 
   Ä»Γ...»ΓÄ»ΓÄ»ΓÄ»[39m:String) [], RemoteException
    + FullyQualifiedErrorId : NativeCommandError
 

[31m[1m[7m FAIL [27m[22m[39m 
tests/integration/preprocessor.test.js[2m > 
[22mPreprocessor Integration Tests[2m > 
[22mConfiguration[2m > [22mshould enable/disable 
logging
[31m[1mAssertionError[22m: expected undefined to be 
false // Object.is equality[39m

[32m- Expected:[39m 
false

[31m+ Received:[39m 
undefined

[36m [2mΓ¥»[22m 
tests/integration/preprocessor.test.js:[2m98:36[22m[39m
    [90m 96| [39m            preprocessor[33m.[39m[34
msetLogging[39m([35mfalse[39m)[33m;[39m
    [90m 97| [39m            [35mconst[39m logger 
[33m=[39m 
preprocessor[33m.[39m[34mgetLogger[39m()[33m;[39m
    [90m 98| [39m            [34mexpect[39m(logger[33
m.[39menabled)[33m.[39m[34mtoBe[39m([35mfalse[39m)
[33m;[39m
    [90m   | [39m                                   
[31m^[39m
    [90m 99| [39m
    [90m100| [39m            preprocessor[33m.[39m[34
msetLogging[39m([35mtrue[39m)[33m;[39m

[31m[2mΓÄ»ΓÄ»ΓÄ»ΓÄ»ΓÄ»ΓÄ»ΓÄ»ΓÄ»ΓÄ»ΓÄ»ΓÄ»ΓÄ»ΓÄ»ΓÄ»ΓÄ»ΓÄ»Γ
Ä»ΓÄ»ΓÄ»ΓÄ»ΓÄ»ΓÄ»ΓÄ»ΓÄ»[1/4]ΓÄ»[22m[39m

[31m[1m[7m FAIL [27m[22m[39m 
tests/integration/preprocessor.test.js[2m > 
[22mPreprocessor Integration Tests[2m > 
[22mConfiguration[2m > [22mshould set verbose logging
[31m[1mAssertionError[22m: expected undefined to be 
true // Object.is equality[39m

[32m- Expected:[39m 
true

[31m+ Received:[39m 
undefined

[36m [2mΓ¥»[22m tests/integration/preprocessor.test.js:
[2m107:36[22m[39m
    [90m105| [39m            preprocessor[33m.[39m[34
msetLogging[39m([35mtrue[39m[33m,[39m 
[35mtrue[39m)[33m;[39m
    [90m106| [39m            [35mconst[39m logger 
[33m=[39m 
preprocessor[33m.[39m[34mgetLogger[39m()[33m;[39m
    [90m107| [39m            [34mexpect[39m(logger[33
m.[39mverbose)[33m.[39m[34mtoBe[39m([35mtrue[39m)[
33m;[39m
    [90m   | [39m                                   
[31m^[39m
    [90m108| [39m        })[33m;[39m
    [90m109| [39m    })[33m;[39m

[31m[2mΓÄ»ΓÄ»ΓÄ»ΓÄ»ΓÄ»ΓÄ»ΓÄ»ΓÄ»ΓÄ»ΓÄ»ΓÄ»ΓÄ»ΓÄ»ΓÄ»ΓÄ»ΓÄ»Γ
Ä»ΓÄ»ΓÄ»ΓÄ»ΓÄ»ΓÄ»ΓÄ»ΓÄ»[2/4]ΓÄ»[22m[39m

[31m[1m[7m FAIL [27m[22m[39m 
tests/integration/preprocessor.test.js[2m > 
[22mPreprocessor Integration Tests[2m > [22mPipeline 
Processing[2m > [22mshould process pipeline with clean 
and chunk
[31m[1mError[22m: Model not loaded. Call loadModel() 
first before using preprocessing functions.[39m
[36m [2mΓ¥»[22m Preprocessor._ensureLoaded 
src/index.js:[2m53:13[22m[39m
    [90m 51| [39m  [34m_ensureLoaded[39m() {
    [90m 52| [39m    [35mif[39m 
([33m![39m[35mthis[39m[33m.[39misModelLoaded 
[33m&&[39m [33m![39m[35mthis[39m[33m.[39mengine[3
3m.[39m[34misLoaded[39m()) {
    [90m 53| [39m      [35mthrow[39m [35mnew[39m 
[33mError[39m(
    [90m   | [39m            [31m^[39m
    [90m 54| [39m        [32m"Model not loaded. Call 
loadModel() first before using preproc[39mΓÇª
    [90m 55| [39m      )[33m;[39m
[90m [2mΓ¥»[22m Preprocessor.pipeline 
src/index.js:[2m204:10[22m[39m
[90m [2mΓ¥»[22m tests/integration/preprocessor.test.js:
[2m113:47[22m[39m

[31m[2mΓÄ»ΓÄ»ΓÄ»ΓÄ»ΓÄ»ΓÄ»ΓÄ»ΓÄ»ΓÄ»ΓÄ»ΓÄ»ΓÄ»ΓÄ»ΓÄ»ΓÄ»ΓÄ»Γ
Ä»ΓÄ»ΓÄ»ΓÄ»ΓÄ»ΓÄ»ΓÄ»ΓÄ»[3/4]ΓÄ»[22m[39m

[31m[1m[7m FAIL [27m[22m[39m 
tests/integration/preprocessor.test.js[2m > 
[22mPreprocessor Integration Tests[2m > [22mPipeline 
Processing[2m > [22mshould handle string shortcuts in 
pipeline
[31m[1mError[22m: Model not loaded. Call loadModel() 
first before using preprocessing functions.[39m
[36m [2mΓ¥»[22m Preprocessor._ensureLoaded 
src/index.js:[2m53:13[22m[39m
    [90m 51| [39m  [34m_ensureLoaded[39m() {
    [90m 52| [39m    [35mif[39m 
([33m![39m[35mthis[39m[33m.[39misModelLoaded 
[33m&&[39m [33m![39m[35mthis[39m[33m.[39mengine[3
3m.[39m[34misLoaded[39m()) {
    [90m 53| [39m      [35mthrow[39m [35mnew[39m 
[33mError[39m(
    [90m   | [39m            [31m^[39m
    [90m 54| [39m        [32m"Model not loaded. Call 
loadModel() first before using preproc[39mΓÇª
    [90m 55| [39m      )[33m;[39m
[90m [2mΓ¥»[22m Preprocessor.pipeline 
src/index.js:[2m204:10[22m[39m
[90m [2mΓ¥»[22m tests/integration/preprocessor.test.js:
[2m122:47[22m[39m

[31m[2mΓÄ»ΓÄ»ΓÄ»ΓÄ»ΓÄ»ΓÄ»ΓÄ»ΓÄ»ΓÄ»ΓÄ»ΓÄ»ΓÄ»ΓÄ»ΓÄ»ΓÄ»ΓÄ»Γ
Ä»ΓÄ»ΓÄ»ΓÄ»ΓÄ»ΓÄ»ΓÄ»ΓÄ»[4/4]ΓÄ»[22m[39m

[2m Test Files [22m [1m[31m1 failed[39m[22m[2m | [22m[1m[32m5 passed[39m[22m[90m (6)[39m
[2m      Tests [22m [1m[31m4 failed[39m[22m[2m | [22m[1m[32m48 passed[39m[22m[90m (52)[39m
[2m   Start at [22m 18:39:12
[2m   Duration [22m 1.37s[2m (transform 272ms, setup 2ms, collect 1.07s, tests 88ms, environment 2ms, prepare 2.60s)[22m

